Archive member included because of file (symbol)

/usr/lib/gcc/avr/4.8.2/avr5/libgcc.a(_exit.o)
                              /usr/lib/gcc/avr/4.8.2/../../../avr/lib/avr5/crtm16.o (exit)
/usr/lib/gcc/avr/4.8.2/avr5/libgcc.a(_copy_data.o)
                              obj/Debug/main.o (__do_copy_data)
/usr/lib/gcc/avr/4.8.2/avr5/libgcc.a(_clear_bss.o)
                              obj/Debug/main.o (__do_clear_bss)
/usr/lib/gcc/avr/4.8.2/../../../avr/lib/avr5/libm.a(cmpsf2.o)
                              obj/Debug/main.o (__ltsf2)
/usr/lib/gcc/avr/4.8.2/../../../avr/lib/avr5/libm.a(fixunssfsi.o)
                              obj/Debug/main.o (__fixunssfsi)
/usr/lib/gcc/avr/4.8.2/../../../avr/lib/avr5/libm.a(fp_cmp.o)
                              /usr/lib/gcc/avr/4.8.2/../../../avr/lib/avr5/libm.a(cmpsf2.o) (__fp_cmp)
/usr/lib/gcc/avr/4.8.2/../../../avr/lib/avr5/libm.a(fp_split3.o)
                              /usr/lib/gcc/avr/4.8.2/../../../avr/lib/avr5/libm.a(fixunssfsi.o) (__fp_splitA)
/usr/lib/gcc/avr/4.8.2/../../../avr/lib/avr5/libm.a(fp_zero.o)
                              /usr/lib/gcc/avr/4.8.2/../../../avr/lib/avr5/libm.a(fixunssfsi.o) (__fp_zero)
/usr/lib/gcc/avr/4.8.2/../../../avr/lib/avr5/libm.a(gesf2.o)
                              obj/Debug/main.o (__gtsf2)
/usr/lib/gcc/avr/4.8.2/../../../avr/lib/avr5/libm.a(mulsf3.o)
                              obj/Debug/main.o (__mulsf3)
/usr/lib/gcc/avr/4.8.2/../../../avr/lib/avr5/libm.a(mulsf3x.o)
                              /usr/lib/gcc/avr/4.8.2/../../../avr/lib/avr5/libm.a(mulsf3.o) (__mulsf3x)
/usr/lib/gcc/avr/4.8.2/../../../avr/lib/avr5/libm.a(fp_inf.o)
                              /usr/lib/gcc/avr/4.8.2/../../../avr/lib/avr5/libm.a(mulsf3x.o) (__fp_inf)
/usr/lib/gcc/avr/4.8.2/../../../avr/lib/avr5/libm.a(fp_nan.o)
                              /usr/lib/gcc/avr/4.8.2/../../../avr/lib/avr5/libm.a(mulsf3x.o) (__fp_nan)
/usr/lib/gcc/avr/4.8.2/../../../avr/lib/avr5/libm.a(fp_pscA.o)
                              /usr/lib/gcc/avr/4.8.2/../../../avr/lib/avr5/libm.a(mulsf3x.o) (__fp_pscA)
/usr/lib/gcc/avr/4.8.2/../../../avr/lib/avr5/libm.a(fp_pscB.o)
                              /usr/lib/gcc/avr/4.8.2/../../../avr/lib/avr5/libm.a(mulsf3x.o) (__fp_pscB)
/usr/lib/gcc/avr/4.8.2/../../../avr/lib/avr5/libm.a(fp_round.o)
                              /usr/lib/gcc/avr/4.8.2/../../../avr/lib/avr5/libm.a(mulsf3.o) (__fp_round)

Allocating common symbols
Common symbol       size              file

funcKey             0x1               obj/Debug/main.o
mas                 0x1               obj/Debug/main.o
keyCode             0x1               obj/Debug/main.o
keyCount            0x1               obj/Debug/main.o
keyAction           0x1               obj/Debug/main.o
keyState            0x1               obj/Debug/main.o
bufPB               0x1               obj/Debug/main.o
keyNew              0x1               obj/Debug/main.o
keyDown             0x1               obj/Debug/main.o

Memory Configuration

Name             Origin             Length             Attributes
text             0x00000000         0x00020000         xr
data             0x00800060         0x0000ffa0         rw !x
eeprom           0x00810000         0x00010000         rw !x
fuse             0x00820000         0x00000400         rw !x
lock             0x00830000         0x00000400         rw !x
signature        0x00840000         0x00000400         rw !x
user_signatures  0x00850000         0x00000400         rw !x
*default*        0x00000000         0xffffffff

Linker script and memory map

LOAD /usr/lib/gcc/avr/4.8.2/../../../avr/lib/avr5/crtm16.o
LOAD obj/Debug/fuse.o
LOAD obj/Debug/main.o
LOAD /usr/lib/gcc/avr/4.8.2/avr5/libgcc.a
LOAD /usr/lib/gcc/avr/4.8.2/../../../avr/lib/avr5/libm.a
START GROUP
LOAD /usr/lib/gcc/avr/4.8.2/avr5/libgcc.a
LOAD /usr/lib/gcc/avr/4.8.2/../../../avr/lib/avr5/libm.a
LOAD /usr/lib/gcc/avr/4.8.2/../../../avr/lib/avr5/libc.a
END GROUP

.hash
 *(.hash)

.dynsym
 *(.dynsym)

.dynstr
 *(.dynstr)

.gnu.version
 *(.gnu.version)

.gnu.version_d
 *(.gnu.version_d)

.gnu.version_r
 *(.gnu.version_r)

.rel.init
 *(.rel.init)

.rela.init
 *(.rela.init)

.rel.text
 *(.rel.text)
 *(.rel.text.*)
 *(.rel.gnu.linkonce.t*)

.rela.text
 *(.rela.text)
 *(.rela.text.*)
 *(.rela.gnu.linkonce.t*)

.rel.fini
 *(.rel.fini)

.rela.fini
 *(.rela.fini)

.rel.rodata
 *(.rel.rodata)
 *(.rel.rodata.*)
 *(.rel.gnu.linkonce.r*)

.rela.rodata
 *(.rela.rodata)
 *(.rela.rodata.*)
 *(.rela.gnu.linkonce.r*)

.rel.data
 *(.rel.data)
 *(.rel.data.*)
 *(.rel.gnu.linkonce.d*)

.rela.data
 *(.rela.data)
 *(.rela.data.*)
 *(.rela.gnu.linkonce.d*)

.rel.ctors
 *(.rel.ctors)

.rela.ctors
 *(.rela.ctors)

.rel.dtors
 *(.rel.dtors)

.rela.dtors
 *(.rela.dtors)

.rel.got
 *(.rel.got)

.rela.got
 *(.rela.got)

.rel.bss
 *(.rel.bss)

.rela.bss
 *(.rela.bss)

.rel.plt
 *(.rel.plt)

.rela.plt
 *(.rela.plt)

.text           0x00000000      0xc00
 *(.vectors)
 .vectors       0x00000000       0x54 /usr/lib/gcc/avr/4.8.2/../../../avr/lib/avr5/crtm16.o
                0x00000000                __vectors
                0x00000000                __vector_default
 *(.vectors)
 *(.progmem.gcc*)
 *(.progmem*)
                0x00000054                . = ALIGN (0x2)
                0x00000054                __trampolines_start = .
 *(.trampolines)
 .trampolines   0x00000054        0x0 linker stubs
 *(.trampolines*)
                0x00000054                __trampolines_end = .
 *(.jumptables)
 *(.jumptables*)
 *(.lowtext)
 *(.lowtext*)
                0x00000054                __ctors_start = .
 *(.ctors)
                0x00000054                __ctors_end = .
                0x00000054                __dtors_start = .
 *(.dtors)
                0x00000054                __dtors_end = .
 SORT(*)(.ctors)
 SORT(*)(.dtors)
 *(.init0)
 .init0         0x00000054        0x0 /usr/lib/gcc/avr/4.8.2/../../../avr/lib/avr5/crtm16.o
                0x00000054                __init
 *(.init0)
 *(.init1)
 *(.init1)
 *(.init2)
 .init2         0x00000054        0xc /usr/lib/gcc/avr/4.8.2/../../../avr/lib/avr5/crtm16.o
 *(.init2)
 *(.init3)
 *(.init3)
 *(.init4)
 .init4         0x00000060       0x16 /usr/lib/gcc/avr/4.8.2/avr5/libgcc.a(_copy_data.o)
                0x00000060                __do_copy_data
 .init4         0x00000076       0x10 /usr/lib/gcc/avr/4.8.2/avr5/libgcc.a(_clear_bss.o)
                0x00000076                __do_clear_bss
 *(.init4)
 *(.init5)
 *(.init5)
 *(.init6)
 *(.init6)
 *(.init7)
 *(.init7)
 *(.init8)
 *(.init8)
 *(.init9)
 .init9         0x00000086        0x8 /usr/lib/gcc/avr/4.8.2/../../../avr/lib/avr5/crtm16.o
 *(.init9)
 *(.text)
 .text          0x0000008e        0x4 /usr/lib/gcc/avr/4.8.2/../../../avr/lib/avr5/crtm16.o
                0x0000008e                __vector_1
                0x0000008e                __vector_12
                0x0000008e                __bad_interrupt
                0x0000008e                __vector_6
                0x0000008e                __vector_3
                0x0000008e                __vector_11
                0x0000008e                __vector_13
                0x0000008e                __vector_17
                0x0000008e                __vector_19
                0x0000008e                __vector_7
                0x0000008e                __vector_5
                0x0000008e                __vector_4
                0x0000008e                __vector_9
                0x0000008e                __vector_2
                0x0000008e                __vector_15
                0x0000008e                __vector_8
                0x0000008e                __vector_14
                0x0000008e                __vector_10
                0x0000008e                __vector_16
                0x0000008e                __vector_18
                0x0000008e                __vector_20
 .text          0x00000092        0x0 obj/Debug/fuse.o
 .text          0x00000092      0x952 obj/Debug/main.o
                0x00000092                USART_Init
                0x000000c6                USART_Transmit
                0x000000fa                ScanKeyboard
                0x00000292                AnyKey
                0x000002b4                ScanKey
                0x00000348                SameKey
                0x00000398                ClearKey
                0x000003b2                FindAction
                0x00000472                ExecKeyAction
                0x0000049a                init
                0x000004f8                doWork
                0x0000057e                main
 .text          0x000009e4        0x0 /usr/lib/gcc/avr/4.8.2/avr5/libgcc.a(_exit.o)
 .text          0x000009e4        0x0 /usr/lib/gcc/avr/4.8.2/avr5/libgcc.a(_copy_data.o)
 .text          0x000009e4        0x0 /usr/lib/gcc/avr/4.8.2/avr5/libgcc.a(_clear_bss.o)
 .text          0x000009e4        0x0 /usr/lib/gcc/avr/4.8.2/../../../avr/lib/avr5/libm.a(cmpsf2.o)
 .text          0x000009e4        0x0 /usr/lib/gcc/avr/4.8.2/../../../avr/lib/avr5/libm.a(fixunssfsi.o)
 .text          0x000009e4        0x0 /usr/lib/gcc/avr/4.8.2/../../../avr/lib/avr5/libm.a(fp_cmp.o)
 .text          0x000009e4        0x0 /usr/lib/gcc/avr/4.8.2/../../../avr/lib/avr5/libm.a(fp_split3.o)
 .text          0x000009e4        0x0 /usr/lib/gcc/avr/4.8.2/../../../avr/lib/avr5/libm.a(fp_zero.o)
 .text          0x000009e4        0x0 /usr/lib/gcc/avr/4.8.2/../../../avr/lib/avr5/libm.a(gesf2.o)
 .text          0x000009e4        0x0 /usr/lib/gcc/avr/4.8.2/../../../avr/lib/avr5/libm.a(mulsf3.o)
 .text          0x000009e4        0x0 /usr/lib/gcc/avr/4.8.2/../../../avr/lib/avr5/libm.a(mulsf3x.o)
 .text          0x000009e4        0x0 /usr/lib/gcc/avr/4.8.2/../../../avr/lib/avr5/libm.a(fp_inf.o)
 .text          0x000009e4        0x0 /usr/lib/gcc/avr/4.8.2/../../../avr/lib/avr5/libm.a(fp_nan.o)
 .text          0x000009e4        0x0 /usr/lib/gcc/avr/4.8.2/../../../avr/lib/avr5/libm.a(fp_pscA.o)
 .text          0x000009e4        0x0 /usr/lib/gcc/avr/4.8.2/../../../avr/lib/avr5/libm.a(fp_pscB.o)
 .text          0x000009e4        0x0 /usr/lib/gcc/avr/4.8.2/../../../avr/lib/avr5/libm.a(fp_round.o)
                0x000009e4                . = ALIGN (0x2)
 *(.text.*)
 .text.libgcc.mul
                0x000009e4        0x0 /usr/lib/gcc/avr/4.8.2/avr5/libgcc.a(_exit.o)
 .text.libgcc.div
                0x000009e4        0x0 /usr/lib/gcc/avr/4.8.2/avr5/libgcc.a(_exit.o)
 .text.libgcc   0x000009e4        0x0 /usr/lib/gcc/avr/4.8.2/avr5/libgcc.a(_exit.o)
 .text.libgcc.prologue
                0x000009e4        0x0 /usr/lib/gcc/avr/4.8.2/avr5/libgcc.a(_exit.o)
 .text.libgcc.builtins
                0x000009e4        0x0 /usr/lib/gcc/avr/4.8.2/avr5/libgcc.a(_exit.o)
 .text.libgcc.fmul
                0x000009e4        0x0 /usr/lib/gcc/avr/4.8.2/avr5/libgcc.a(_exit.o)
 .text.libgcc.fixed
                0x000009e4        0x0 /usr/lib/gcc/avr/4.8.2/avr5/libgcc.a(_exit.o)
 .text.libgcc.mul
                0x000009e4        0x0 /usr/lib/gcc/avr/4.8.2/avr5/libgcc.a(_copy_data.o)
 .text.libgcc.div
                0x000009e4        0x0 /usr/lib/gcc/avr/4.8.2/avr5/libgcc.a(_copy_data.o)
 .text.libgcc   0x000009e4        0x0 /usr/lib/gcc/avr/4.8.2/avr5/libgcc.a(_copy_data.o)
 .text.libgcc.prologue
                0x000009e4        0x0 /usr/lib/gcc/avr/4.8.2/avr5/libgcc.a(_copy_data.o)
 .text.libgcc.builtins
                0x000009e4        0x0 /usr/lib/gcc/avr/4.8.2/avr5/libgcc.a(_copy_data.o)
 .text.libgcc.fmul
                0x000009e4        0x0 /usr/lib/gcc/avr/4.8.2/avr5/libgcc.a(_copy_data.o)
 .text.libgcc.fixed
                0x000009e4        0x0 /usr/lib/gcc/avr/4.8.2/avr5/libgcc.a(_copy_data.o)
 .text.libgcc.mul
                0x000009e4        0x0 /usr/lib/gcc/avr/4.8.2/avr5/libgcc.a(_clear_bss.o)
 .text.libgcc.div
                0x000009e4        0x0 /usr/lib/gcc/avr/4.8.2/avr5/libgcc.a(_clear_bss.o)
 .text.libgcc   0x000009e4        0x0 /usr/lib/gcc/avr/4.8.2/avr5/libgcc.a(_clear_bss.o)
 .text.libgcc.prologue
                0x000009e4        0x0 /usr/lib/gcc/avr/4.8.2/avr5/libgcc.a(_clear_bss.o)
 .text.libgcc.builtins
                0x000009e4        0x0 /usr/lib/gcc/avr/4.8.2/avr5/libgcc.a(_clear_bss.o)
 .text.libgcc.fmul
                0x000009e4        0x0 /usr/lib/gcc/avr/4.8.2/avr5/libgcc.a(_clear_bss.o)
 .text.libgcc.fixed
                0x000009e4        0x0 /usr/lib/gcc/avr/4.8.2/avr5/libgcc.a(_clear_bss.o)
 .text.avr-libc.fplib
                0x000009e4        0x8 /usr/lib/gcc/avr/4.8.2/../../../avr/lib/avr5/libm.a(cmpsf2.o)
                0x000009e4                __lesf2
                0x000009e4                __nesf2
                0x000009e4                __eqsf2
                0x000009e4                __cmpsf2
                0x000009e4                __ltsf2
 .text.avr-libc.fplib
                0x000009ec       0x58 /usr/lib/gcc/avr/4.8.2/../../../avr/lib/avr5/libm.a(fixunssfsi.o)
                0x000009ec                __fixunssfsi
 .text.avr-libc.fplib
                0x00000a44       0x48 /usr/lib/gcc/avr/4.8.2/../../../avr/lib/avr5/libm.a(fp_cmp.o)
                0x00000a44                __fp_cmp
 .text.avr-libc.fplib
                0x00000a8c       0x44 /usr/lib/gcc/avr/4.8.2/../../../avr/lib/avr5/libm.a(fp_split3.o)
                0x00000a8c                __fp_split3
                0x00000a9c                __fp_splitA
 .text.avr-libc.fplib
                0x00000ad0        0xe /usr/lib/gcc/avr/4.8.2/../../../avr/lib/avr5/libm.a(fp_zero.o)
                0x00000ad0                __fp_zero
                0x00000ad2                __fp_szero
 .text.avr-libc.fplib
                0x00000ade        0x8 /usr/lib/gcc/avr/4.8.2/../../../avr/lib/avr5/libm.a(gesf2.o)
                0x00000ade                __gtsf2
                0x00000ade                __gesf2
 .text.avr-libc.fplib
                0x00000ae6        0x4 /usr/lib/gcc/avr/4.8.2/../../../avr/lib/avr5/libm.a(mulsf3.o)
                0x00000ae6                __mulsf3
 .text.avr-libc.fplib
                0x00000aea       0xc2 /usr/lib/gcc/avr/4.8.2/../../../avr/lib/avr5/libm.a(mulsf3x.o)
                0x00000afe                __mulsf3x
                0x00000b02                __mulsf3_pse
 .text.avr-libc.fplib
                0x00000bac        0xc /usr/lib/gcc/avr/4.8.2/../../../avr/lib/avr5/libm.a(fp_inf.o)
                0x00000bac                __fp_inf
 .text.avr-libc.fplib
                0x00000bb8        0x6 /usr/lib/gcc/avr/4.8.2/../../../avr/lib/avr5/libm.a(fp_nan.o)
                0x00000bb8                __fp_nan
 .text.avr-libc.fplib
                0x00000bbe        0xe /usr/lib/gcc/avr/4.8.2/../../../avr/lib/avr5/libm.a(fp_pscA.o)
                0x00000bbe                __fp_pscA
 .text.avr-libc.fplib
                0x00000bcc        0xe /usr/lib/gcc/avr/4.8.2/../../../avr/lib/avr5/libm.a(fp_pscB.o)
                0x00000bcc                __fp_pscB
 .text.avr-libc.fplib
                0x00000bda       0x22 /usr/lib/gcc/avr/4.8.2/../../../avr/lib/avr5/libm.a(fp_round.o)
                0x00000bda                __fp_round
                0x00000bfc                . = ALIGN (0x2)
 *(.fini9)
 .fini9         0x00000bfc        0x0 /usr/lib/gcc/avr/4.8.2/avr5/libgcc.a(_exit.o)
                0x00000bfc                exit
                0x00000bfc                _exit
 *(.fini9)
 *(.fini8)
 *(.fini8)
 *(.fini7)
 *(.fini7)
 *(.fini6)
 *(.fini6)
 *(.fini5)
 *(.fini5)
 *(.fini4)
 *(.fini4)
 *(.fini3)
 *(.fini3)
 *(.fini2)
 *(.fini2)
 *(.fini1)
 *(.fini1)
 *(.fini0)
 .fini0         0x00000bfc        0x4 /usr/lib/gcc/avr/4.8.2/avr5/libgcc.a(_exit.o)
 *(.fini0)
                0x00000c00                _etext = .

.data           0x00800060       0x26 load address 0x00000c00
                0x00800060                PROVIDE (__data_start, .)
 *(.data)
 .data          0x00800060        0x0 /usr/lib/gcc/avr/4.8.2/../../../avr/lib/avr5/crtm16.o
 .data          0x00800060        0x0 obj/Debug/fuse.o
 .data          0x00800060       0x26 obj/Debug/main.o
                0x00800060                actionTable
                0x00800080                funcTable
 .data          0x00800086        0x0 /usr/lib/gcc/avr/4.8.2/avr5/libgcc.a(_exit.o)
 .data          0x00800086        0x0 /usr/lib/gcc/avr/4.8.2/avr5/libgcc.a(_copy_data.o)
 .data          0x00800086        0x0 /usr/lib/gcc/avr/4.8.2/avr5/libgcc.a(_clear_bss.o)
 .data          0x00800086        0x0 /usr/lib/gcc/avr/4.8.2/../../../avr/lib/avr5/libm.a(cmpsf2.o)
 .data          0x00800086        0x0 /usr/lib/gcc/avr/4.8.2/../../../avr/lib/avr5/libm.a(fixunssfsi.o)
 .data          0x00800086        0x0 /usr/lib/gcc/avr/4.8.2/../../../avr/lib/avr5/libm.a(fp_cmp.o)
 .data          0x00800086        0x0 /usr/lib/gcc/avr/4.8.2/../../../avr/lib/avr5/libm.a(fp_split3.o)
 .data          0x00800086        0x0 /usr/lib/gcc/avr/4.8.2/../../../avr/lib/avr5/libm.a(fp_zero.o)
 .data          0x00800086        0x0 /usr/lib/gcc/avr/4.8.2/../../../avr/lib/avr5/libm.a(gesf2.o)
 .data          0x00800086        0x0 /usr/lib/gcc/avr/4.8.2/../../../avr/lib/avr5/libm.a(mulsf3.o)
 .data          0x00800086        0x0 /usr/lib/gcc/avr/4.8.2/../../../avr/lib/avr5/libm.a(mulsf3x.o)
 .data          0x00800086        0x0 /usr/lib/gcc/avr/4.8.2/../../../avr/lib/avr5/libm.a(fp_inf.o)
 .data          0x00800086        0x0 /usr/lib/gcc/avr/4.8.2/../../../avr/lib/avr5/libm.a(fp_nan.o)
 .data          0x00800086        0x0 /usr/lib/gcc/avr/4.8.2/../../../avr/lib/avr5/libm.a(fp_pscA.o)
 .data          0x00800086        0x0 /usr/lib/gcc/avr/4.8.2/../../../avr/lib/avr5/libm.a(fp_pscB.o)
 .data          0x00800086        0x0 /usr/lib/gcc/avr/4.8.2/../../../avr/lib/avr5/libm.a(fp_round.o)
 *(.data*)
 *(.rodata)
 *(.rodata*)
 *(.gnu.linkonce.d*)
                0x00800086                . = ALIGN (0x2)
                0x00800086                _edata = .
                0x00800086                PROVIDE (__data_end, .)

.bss            0x00800086       0xd1
                0x00800086                PROVIDE (__bss_start, .)
 *(.bss)
 .bss           0x00800086        0x0 /usr/lib/gcc/avr/4.8.2/../../../avr/lib/avr5/crtm16.o
 .bss           0x00800086        0x0 obj/Debug/fuse.o
 .bss           0x00800086       0xc8 obj/Debug/main.o
                0x00800086                dynamicTable
 .bss           0x0080014e        0x0 /usr/lib/gcc/avr/4.8.2/avr5/libgcc.a(_exit.o)
 .bss           0x0080014e        0x0 /usr/lib/gcc/avr/4.8.2/avr5/libgcc.a(_copy_data.o)
 .bss           0x0080014e        0x0 /usr/lib/gcc/avr/4.8.2/avr5/libgcc.a(_clear_bss.o)
 .bss           0x0080014e        0x0 /usr/lib/gcc/avr/4.8.2/../../../avr/lib/avr5/libm.a(cmpsf2.o)
 .bss           0x0080014e        0x0 /usr/lib/gcc/avr/4.8.2/../../../avr/lib/avr5/libm.a(fixunssfsi.o)
 .bss           0x0080014e        0x0 /usr/lib/gcc/avr/4.8.2/../../../avr/lib/avr5/libm.a(fp_cmp.o)
 .bss           0x0080014e        0x0 /usr/lib/gcc/avr/4.8.2/../../../avr/lib/avr5/libm.a(fp_split3.o)
 .bss           0x0080014e        0x0 /usr/lib/gcc/avr/4.8.2/../../../avr/lib/avr5/libm.a(fp_zero.o)
 .bss           0x0080014e        0x0 /usr/lib/gcc/avr/4.8.2/../../../avr/lib/avr5/libm.a(gesf2.o)
 .bss           0x0080014e        0x0 /usr/lib/gcc/avr/4.8.2/../../../avr/lib/avr5/libm.a(mulsf3.o)
 .bss           0x0080014e        0x0 /usr/lib/gcc/avr/4.8.2/../../../avr/lib/avr5/libm.a(mulsf3x.o)
 .bss           0x0080014e        0x0 /usr/lib/gcc/avr/4.8.2/../../../avr/lib/avr5/libm.a(fp_inf.o)
 .bss           0x0080014e        0x0 /usr/lib/gcc/avr/4.8.2/../../../avr/lib/avr5/libm.a(fp_nan.o)
 .bss           0x0080014e        0x0 /usr/lib/gcc/avr/4.8.2/../../../avr/lib/avr5/libm.a(fp_pscA.o)
 .bss           0x0080014e        0x0 /usr/lib/gcc/avr/4.8.2/../../../avr/lib/avr5/libm.a(fp_pscB.o)
 .bss           0x0080014e        0x0 /usr/lib/gcc/avr/4.8.2/../../../avr/lib/avr5/libm.a(fp_round.o)
 *(.bss*)
 *(COMMON)
 COMMON         0x0080014e        0x9 obj/Debug/main.o
                0x0080014e                funcKey
                0x0080014f                mas
                0x00800150                keyCode
                0x00800151                keyCount
                0x00800152                keyAction
                0x00800153                keyState
                0x00800154                bufPB
                0x00800155                keyNew
                0x00800156                keyDown
                0x00800157                PROVIDE (__bss_end, .)
                0x00000c00                __data_load_start = LOADADDR (.data)
                0x00000c26                __data_load_end = (__data_load_start + SIZEOF (.data))

.noinit         0x00800157        0x0
                0x00800157                PROVIDE (__noinit_start, .)
 *(.noinit*)
                0x00800157                PROVIDE (__noinit_end, .)
                0x00800157                _end = .
                0x00800157                PROVIDE (__heap_start, .)

.eeprom         0x00810000        0x0
 *(.eeprom*)
                0x00810000                __eeprom_end = .

.fuse           0x00820000        0x2
 *(.fuse)
 .fuse          0x00820000        0x2 obj/Debug/fuse.o
                0x00820000                __fuse
 *(.lfuse)
 *(.hfuse)
 *(.efuse)

.lock
 *(.lock*)

.signature
 *(.signature*)

.user_signatures
 *(.user_signatures*)

.stab           0x00000000     0x2a6c
 *(.stab)
 .stab          0x00000000      0x6cc /usr/lib/gcc/avr/4.8.2/../../../avr/lib/avr5/crtm16.o
 .stab          0x000006cc      0x45c obj/Debug/fuse.o
                                0x468 (size before relaxing)
 .stab          0x00000b28      0xfd8 obj/Debug/main.o
                               0x1194 (size before relaxing)
 .stab          0x00001b00       0x90 /usr/lib/gcc/avr/4.8.2/../../../avr/lib/avr5/libm.a(cmpsf2.o)
                                 0x9c (size before relaxing)
 .stab          0x00001b90      0x240 /usr/lib/gcc/avr/4.8.2/../../../avr/lib/avr5/libm.a(fixunssfsi.o)
                                0x24c (size before relaxing)
 .stab          0x00001dd0      0x1e0 /usr/lib/gcc/avr/4.8.2/../../../avr/lib/avr5/libm.a(fp_cmp.o)
                                0x1ec (size before relaxing)
 .stab          0x00001fb0      0x1d4 /usr/lib/gcc/avr/4.8.2/../../../avr/lib/avr5/libm.a(fp_split3.o)
                                0x1e0 (size before relaxing)
 .stab          0x00002184       0x90 /usr/lib/gcc/avr/4.8.2/../../../avr/lib/avr5/libm.a(fp_zero.o)
                                 0x9c (size before relaxing)
 .stab          0x00002214       0x6c /usr/lib/gcc/avr/4.8.2/../../../avr/lib/avr5/libm.a(gesf2.o)
                                 0x78 (size before relaxing)
 .stab          0x00002280       0x48 /usr/lib/gcc/avr/4.8.2/../../../avr/lib/avr5/libm.a(mulsf3.o)
                                 0x54 (size before relaxing)
 .stab          0x000022c8      0x4d4 /usr/lib/gcc/avr/4.8.2/../../../avr/lib/avr5/libm.a(mulsf3x.o)
                                0x4e0 (size before relaxing)
 .stab          0x0000279c       0x78 /usr/lib/gcc/avr/4.8.2/../../../avr/lib/avr5/libm.a(fp_inf.o)
                                 0x84 (size before relaxing)
 .stab          0x00002814       0x54 /usr/lib/gcc/avr/4.8.2/../../../avr/lib/avr5/libm.a(fp_nan.o)
                                 0x60 (size before relaxing)
 .stab          0x00002868       0x84 /usr/lib/gcc/avr/4.8.2/../../../avr/lib/avr5/libm.a(fp_pscA.o)
                                 0x90 (size before relaxing)
 .stab          0x000028ec       0x84 /usr/lib/gcc/avr/4.8.2/../../../avr/lib/avr5/libm.a(fp_pscB.o)
                                 0x90 (size before relaxing)
 .stab          0x00002970       0xfc /usr/lib/gcc/avr/4.8.2/../../../avr/lib/avr5/libm.a(fp_round.o)
                                0x108 (size before relaxing)

.stabstr        0x00000000     0x125e
 *(.stabstr)
 .stabstr       0x00000000     0x125e /usr/lib/gcc/avr/4.8.2/../../../avr/lib/avr5/crtm16.o

.stab.excl
 *(.stab.excl)

.stab.exclstr
 *(.stab.exclstr)

.stab.index
 *(.stab.index)

.stab.indexstr
 *(.stab.indexstr)

.comment        0x00000000       0x11
 *(.comment)
 .comment       0x00000000       0x11 obj/Debug/fuse.o
                                 0x12 (size before relaxing)
 .comment       0x00000000       0x12 obj/Debug/main.o

.debug
 *(.debug)

.line
 *(.line)

.debug_srcinfo
 *(.debug_srcinfo)

.debug_sfnames
 *(.debug_sfnames)

.debug_aranges
 *(.debug_aranges)

.debug_pubnames
 *(.debug_pubnames)

.debug_info
 *(.debug_info)
 *(.gnu.linkonce.wi.*)

.debug_abbrev
 *(.debug_abbrev)

.debug_line
 *(.debug_line)

.debug_frame
 *(.debug_frame)

.debug_str
 *(.debug_str)

.debug_loc
 *(.debug_loc)

.debug_macinfo
 *(.debug_macinfo)

.debug_pubtypes
 *(.debug_pubtypes)

.debug_ranges
 *(.debug_ranges)

.debug_macro
 *(.debug_macro)
OUTPUT(bin/Debug/1.elf elf32-avr)
LOAD linker stubs

Cross Reference Table

Symbol                                            File
AnyKey                                            obj/Debug/main.o
ClearKey                                          obj/Debug/main.o
ExecKeyAction                                     obj/Debug/main.o
FindAction                                        obj/Debug/main.o
SameKey                                           obj/Debug/main.o
ScanKey                                           obj/Debug/main.o
ScanKeyboard                                      obj/Debug/main.o
USART_Init                                        obj/Debug/main.o
USART_Transmit                                    obj/Debug/main.o
__bad_interrupt                                   /usr/lib/gcc/avr/4.8.2/../../../avr/lib/avr5/crtm16.o
__bss_end                                         /usr/lib/gcc/avr/4.8.2/avr5/libgcc.a(_clear_bss.o)
__bss_start                                       /usr/lib/gcc/avr/4.8.2/avr5/libgcc.a(_clear_bss.o)
__cmpsf2                                          /usr/lib/gcc/avr/4.8.2/../../../avr/lib/avr5/libm.a(cmpsf2.o)
__data_end                                        /usr/lib/gcc/avr/4.8.2/avr5/libgcc.a(_copy_data.o)
__data_load_start                                 /usr/lib/gcc/avr/4.8.2/avr5/libgcc.a(_copy_data.o)
__data_start                                      /usr/lib/gcc/avr/4.8.2/avr5/libgcc.a(_copy_data.o)
__do_clear_bss                                    /usr/lib/gcc/avr/4.8.2/avr5/libgcc.a(_clear_bss.o)
                                                  obj/Debug/main.o
__do_copy_data                                    /usr/lib/gcc/avr/4.8.2/avr5/libgcc.a(_copy_data.o)
                                                  obj/Debug/main.o
__eqsf2                                           /usr/lib/gcc/avr/4.8.2/../../../avr/lib/avr5/libm.a(cmpsf2.o)
__fixunssfsi                                      /usr/lib/gcc/avr/4.8.2/../../../avr/lib/avr5/libm.a(fixunssfsi.o)
                                                  obj/Debug/main.o
__fp_cmp                                          /usr/lib/gcc/avr/4.8.2/../../../avr/lib/avr5/libm.a(fp_cmp.o)
                                                  /usr/lib/gcc/avr/4.8.2/../../../avr/lib/avr5/libm.a(gesf2.o)
                                                  /usr/lib/gcc/avr/4.8.2/../../../avr/lib/avr5/libm.a(cmpsf2.o)
__fp_inf                                          /usr/lib/gcc/avr/4.8.2/../../../avr/lib/avr5/libm.a(fp_inf.o)
                                                  /usr/lib/gcc/avr/4.8.2/../../../avr/lib/avr5/libm.a(mulsf3x.o)
__fp_nan                                          /usr/lib/gcc/avr/4.8.2/../../../avr/lib/avr5/libm.a(fp_nan.o)
                                                  /usr/lib/gcc/avr/4.8.2/../../../avr/lib/avr5/libm.a(mulsf3x.o)
__fp_pscA                                         /usr/lib/gcc/avr/4.8.2/../../../avr/lib/avr5/libm.a(fp_pscA.o)
                                                  /usr/lib/gcc/avr/4.8.2/../../../avr/lib/avr5/libm.a(mulsf3x.o)
__fp_pscB                                         /usr/lib/gcc/avr/4.8.2/../../../avr/lib/avr5/libm.a(fp_pscB.o)
                                                  /usr/lib/gcc/avr/4.8.2/../../../avr/lib/avr5/libm.a(mulsf3x.o)
__fp_round                                        /usr/lib/gcc/avr/4.8.2/../../../avr/lib/avr5/libm.a(fp_round.o)
                                                  /usr/lib/gcc/avr/4.8.2/../../../avr/lib/avr5/libm.a(mulsf3.o)
__fp_split3                                       /usr/lib/gcc/avr/4.8.2/../../../avr/lib/avr5/libm.a(fp_split3.o)
                                                  /usr/lib/gcc/avr/4.8.2/../../../avr/lib/avr5/libm.a(mulsf3x.o)
__fp_splitA                                       /usr/lib/gcc/avr/4.8.2/../../../avr/lib/avr5/libm.a(fp_split3.o)
                                                  /usr/lib/gcc/avr/4.8.2/../../../avr/lib/avr5/libm.a(fixunssfsi.o)
__fp_szero                                        /usr/lib/gcc/avr/4.8.2/../../../avr/lib/avr5/libm.a(fp_zero.o)
                                                  /usr/lib/gcc/avr/4.8.2/../../../avr/lib/avr5/libm.a(mulsf3x.o)
__fp_zero                                         /usr/lib/gcc/avr/4.8.2/../../../avr/lib/avr5/libm.a(fp_zero.o)
                                                  /usr/lib/gcc/avr/4.8.2/../../../avr/lib/avr5/libm.a(fixunssfsi.o)
__fuse                                            obj/Debug/fuse.o
__gesf2                                           /usr/lib/gcc/avr/4.8.2/../../../avr/lib/avr5/libm.a(gesf2.o)
__gtsf2                                           /usr/lib/gcc/avr/4.8.2/../../../avr/lib/avr5/libm.a(gesf2.o)
                                                  obj/Debug/main.o
__heap_end                                        /usr/lib/gcc/avr/4.8.2/../../../avr/lib/avr5/crtm16.o
__init                                            /usr/lib/gcc/avr/4.8.2/../../../avr/lib/avr5/crtm16.o
__lesf2                                           /usr/lib/gcc/avr/4.8.2/../../../avr/lib/avr5/libm.a(cmpsf2.o)
__ltsf2                                           /usr/lib/gcc/avr/4.8.2/../../../avr/lib/avr5/libm.a(cmpsf2.o)
                                                  obj/Debug/main.o
__mulsf3                                          /usr/lib/gcc/avr/4.8.2/../../../avr/lib/avr5/libm.a(mulsf3.o)
                                                  obj/Debug/main.o
__mulsf3_pse                                      /usr/lib/gcc/avr/4.8.2/../../../avr/lib/avr5/libm.a(mulsf3x.o)
__mulsf3x                                         /usr/lib/gcc/avr/4.8.2/../../../avr/lib/avr5/libm.a(mulsf3x.o)
                                                  /usr/lib/gcc/avr/4.8.2/../../../avr/lib/avr5/libm.a(mulsf3.o)
__nesf2                                           /usr/lib/gcc/avr/4.8.2/../../../avr/lib/avr5/libm.a(cmpsf2.o)
__stack                                           /usr/lib/gcc/avr/4.8.2/../../../avr/lib/avr5/crtm16.o
__vector_1                                        /usr/lib/gcc/avr/4.8.2/../../../avr/lib/avr5/crtm16.o
__vector_10                                       /usr/lib/gcc/avr/4.8.2/../../../avr/lib/avr5/crtm16.o
__vector_11                                       /usr/lib/gcc/avr/4.8.2/../../../avr/lib/avr5/crtm16.o
__vector_12                                       /usr/lib/gcc/avr/4.8.2/../../../avr/lib/avr5/crtm16.o
__vector_13                                       /usr/lib/gcc/avr/4.8.2/../../../avr/lib/avr5/crtm16.o
__vector_14                                       /usr/lib/gcc/avr/4.8.2/../../../avr/lib/avr5/crtm16.o
__vector_15                                       /usr/lib/gcc/avr/4.8.2/../../../avr/lib/avr5/crtm16.o
__vector_16                                       /usr/lib/gcc/avr/4.8.2/../../../avr/lib/avr5/crtm16.o
__vector_17                                       /usr/lib/gcc/avr/4.8.2/../../../avr/lib/avr5/crtm16.o
__vector_18                                       /usr/lib/gcc/avr/4.8.2/../../../avr/lib/avr5/crtm16.o
__vector_19                                       /usr/lib/gcc/avr/4.8.2/../../../avr/lib/avr5/crtm16.o
__vector_2                                        /usr/lib/gcc/avr/4.8.2/../../../avr/lib/avr5/crtm16.o
__vector_20                                       /usr/lib/gcc/avr/4.8.2/../../../avr/lib/avr5/crtm16.o
__vector_3                                        /usr/lib/gcc/avr/4.8.2/../../../avr/lib/avr5/crtm16.o
__vector_4                                        /usr/lib/gcc/avr/4.8.2/../../../avr/lib/avr5/crtm16.o
__vector_5                                        /usr/lib/gcc/avr/4.8.2/../../../avr/lib/avr5/crtm16.o
__vector_6                                        /usr/lib/gcc/avr/4.8.2/../../../avr/lib/avr5/crtm16.o
__vector_7                                        /usr/lib/gcc/avr/4.8.2/../../../avr/lib/avr5/crtm16.o
__vector_8                                        /usr/lib/gcc/avr/4.8.2/../../../avr/lib/avr5/crtm16.o
__vector_9                                        /usr/lib/gcc/avr/4.8.2/../../../avr/lib/avr5/crtm16.o
__vector_default                                  /usr/lib/gcc/avr/4.8.2/../../../avr/lib/avr5/crtm16.o
__vectors                                         /usr/lib/gcc/avr/4.8.2/../../../avr/lib/avr5/crtm16.o
_exit                                             /usr/lib/gcc/avr/4.8.2/avr5/libgcc.a(_exit.o)
actionTable                                       obj/Debug/main.o
bufPB                                             obj/Debug/main.o
doWork                                            obj/Debug/main.o
dynamicTable                                      obj/Debug/main.o
exit                                              /usr/lib/gcc/avr/4.8.2/avr5/libgcc.a(_exit.o)
                                                  /usr/lib/gcc/avr/4.8.2/../../../avr/lib/avr5/crtm16.o
funcKey                                           obj/Debug/main.o
funcTable                                         obj/Debug/main.o
init                                              obj/Debug/main.o
keyAction                                         obj/Debug/main.o
keyCode                                           obj/Debug/main.o
keyCount                                          obj/Debug/main.o
keyDown                                           obj/Debug/main.o
keyNew                                            obj/Debug/main.o
keyState                                          obj/Debug/main.o
main                                              obj/Debug/main.o
                                                  /usr/lib/gcc/avr/4.8.2/../../../avr/lib/avr5/crtm16.o
mas                                               obj/Debug/main.o
